Successfully installed unicode-display_width-2.6.0
Successfully installed terminal-table-3.0.2
Successfully installed safe_yaml-1.0.5
Successfully installed forwardable-extended-2.6.0
Successfully installed pathutil-0.16.2
Successfully installed mercenary-0.4.0
Successfully installed liquid-4.0.4
Successfully installed kramdown-2.5.2
Successfully installed kramdown-parser-gfm-1.1.0
Successfully installed ffi-1.17.4-x86_64-linux-gnu
Successfully installed rb-inotify-0.11.1
Successfully installed rb-fsevent-0.11.2
Successfully installed listen-3.10.0
Successfully installed jekyll-watch-2.2.1
Successfully installed rake-13.4.2
Successfully installed google-protobuf-4.36.0-x86_64-linux-gnu
Successfully installed sass-embedded-1.103.1-x86_64-linux-gnu
Successfully installed jekyll-sass-converter-3.1.0
Successfully installed concurrent-ruby-1.3.8
Successfully installed i18n-1.15.2
Building native extensions. This could take a while...
Successfully installed http_parser.rb-0.8.1
Building native extensions. This could take a while...
Successfully installed eventmachine-1.2.7
Successfully installed em-websocket-0.5.3
Successfully installed colorator-1.1.0
Successfully installed jekyll-4.3.4
25 gems installed
Successfully installed webrick-1.9.2
1 gem installed
[33mConfiguration file: none[0m
            Source: /home/runner/work/proaiexpert.github.io/proaiexpert.github.io
       Destination: /home/runner/work/proaiexpert.github.io/proaiexpert.github.io/_site
 Incremental build: disabled. Enable with --incremental
      Generating... 
                    done in 0.14 seconds.
 Auto-regeneration: disabled. Use --watch to enable.
Traceback (most recent call last):
  File "<stdin>", line 3, in <module>
AssertionError
