[1/5] diff boundary
[2/5] jekyll build
Successfully installed webrick-1.9.2
Successfully installed unicode-display_width-2.6.0
Successfully installed terminal-table-3.0.2
Successfully installed safe_yaml-1.0.5
Successfully installed rouge-4.7.0
Successfully installed forwardable-extended-2.6.0
Successfully installed pathutil-0.16.2
Successfully installed mercenary-0.4.0
Successfully installed liquid-4.0.4
Successfully installed kramdown-2.5.2
Successfully installed kramdown-parser-gfm-1.1.0
Successfully installed ffi-1.17.4-x86_64-linux-gnu
Successfully installed rb-inotify-0.11.1
Successfully installed rb-fsevent-0.11.2
Successfully installed listen-3.10.0
Successfully installed jekyll-watch-2.2.1
Successfully installed rake-13.4.2
Successfully installed google-protobuf-4.36.0-x86_64-linux-gnu
Successfully installed sass-embedded-1.103.1-x86_64-linux-gnu
Successfully installed jekyll-sass-converter-3.1.0
Successfully installed concurrent-ruby-1.3.8
Successfully installed i18n-1.15.2
Building native extensions. This could take a while...
Successfully installed http_parser.rb-0.8.1
Building native extensions. This could take a while...
Successfully installed eventmachine-1.2.7
Successfully installed em-websocket-0.5.3
Successfully installed colorator-1.1.0
Successfully installed public_suffix-7.0.5
Successfully installed addressable-2.9.0
Successfully installed jekyll-4.3.4
29 gems installed
Successfully installed webrick-1.9.2
1 gem installed
[33mConfiguration file: none[0m
            Source: /home/runner/work/proaiexpert.github.io/proaiexpert.github.io
       Destination: /home/runner/work/proaiexpert.github.io/proaiexpert.github.io/_site
 Incremental build: disabled. Enable with --incremental
      Generating... 
                    done in 0.181 seconds.
 Auto-regeneration: disabled. Use --watch to enable.
[3/5] browser dependency
[4/5] responsive runtime QA
curl: (7) Failed to connect to 127.0.0.1 port 4000 after 0 ms: Couldn't connect to server
{
  "failures": [
    "EN 1440x900: footerOnce",
    "EN 1366x768: footerOnce",
    "EN 1024x768: footerOnce",
    "EN 430x932: footerOnce",
    "EN 390x844: footerOnce",
    "EN 320x568: footerOnce",
    "RU 1440x900: footerOnce",
    "RU 1366x768: footerOnce",
    "RU 1024x768: footerOnce",
    "RU 430x932: footerOnce",
    "RU 390x844: footerOnce",
    "RU 320x568: footerOnce"
  ],
  "tested": 12,
  "reducedOk": true
}
[5/5] owner review package
FINAL_STATUS=FAIL
HEAD is now at f409f2cb feat: strengthen homepage Selected Work premium final
Switched to a new branch 'qa/proai-home-selected-work-r11-status'
